{"error":"LLM API error: 400","detail":"{\"error\":{\"message\":\"url error, please check url！ For details, see: https://www.alibabacloud.com/help/en/model-studio/error-code#error-url\",\"id\":\"a8e07f6c-f59b-994e-9646-f9825dda4310\",\"type\":\"invalid_request_error\",\"code\":\"invalid_parameter_error\"}}"}